// Jest Snapshot v1, https://goo.gl/fbAQLP

exports[`<Overlay /> should render Overlay container 1`] = `
<Overlay
  hideModal={[Function]}
  item={Object {}}
  store={
    Object {
      "clearActions": [Function],
      "dispatch": [Function],
      "getActions": [Function],
      "getState": [Function],
      "replaceReducer": [Function],
      "subscribe": [Function],
    }
  }
  updateBudget={[Function]}
/>
`;
